Archive member included because of file (symbol)

c:/winavr-20100110/bin/../lib/gcc/avr/4.3.3/avr5\libgcc.a(_udivmodsi4.o)
                              ./Drivers/MCAL/Atmega32_MCAL_UART.o (__udivmodsi4)
c:/winavr-20100110/bin/../lib/gcc/avr/4.3.3/avr5\libgcc.a(_exit.o)
                              c:/winavr-20100110/bin/../lib/gcc/avr/4.3.3/../../../../avr/lib/avr5/crtm32.o (exit)
c:/winavr-20100110/bin/../lib/gcc/avr/4.3.3/avr5\libgcc.a(_copy_data.o)
                              ./Src/actuators.o (__do_copy_data)
c:/winavr-20100110/bin/../lib/gcc/avr/4.3.3/avr5\libgcc.a(_clear_bss.o)
                              ./Src/actuator_control_task.o (__do_clear_bss)
c:/winavr-20100110/bin/../lib/gcc/avr/4.3.3/../../../../avr/lib/avr5\libc.a(atoi.o)
                              ./Src/master_pass_task.o (atoi)
c:/winavr-20100110/bin/../lib/gcc/avr/4.3.3/../../../../avr/lib/avr5\libc.a(memcpy.o)
                              ./FreeRTOS/queue.o (memcpy)
c:/winavr-20100110/bin/../lib/gcc/avr/4.3.3/../../../../avr/lib/avr5\libc.a(memset.o)
                              ./Src/bluetooth_receive_task.o (memset)
c:/winavr-20100110/bin/../lib/gcc/avr/4.3.3/../../../../avr/lib/avr5\libc.a(strcmp.o)
                              ./Src/user_manage_control.o (strcmp)
c:/winavr-20100110/bin/../lib/gcc/avr/4.3.3/../../../../avr/lib/avr5\libc.a(strcpy.o)
                              ./Src/user_manage_control.o (strcpy)
c:/winavr-20100110/bin/../lib/gcc/avr/4.3.3/../../../../avr/lib/avr5\libc.a(strncpy.o)
                              ./FreeRTOS/tasks.o (strncpy)
c:/winavr-20100110/bin/../lib/gcc/avr/4.3.3/../../../../avr/lib/avr5\libc.a(mul10.o)
                              c:/winavr-20100110/bin/../lib/gcc/avr/4.3.3/../../../../avr/lib/avr5\libc.a(atoi.o) (__mulhi_const_10)

Allocating common symbols
Common symbol       size              file

User_Manage_Task_Handle
                    0x2               ./Src/os.o
Std_RetCode         0x1               ./Src/actuator_control_task.o
Bluetooth_Data_Access
                    0x2               ./Src/os.o
Master_Access_Task_Handle
                    0x2               ./Src/os.o
user                0xb4              ./Src/user_manage_control.o
Bluetooth           0x15              ./Src/bluetooth_receive_task.o
Actuator_Access     0x2               ./Src/os.o
Siren_Alarm_Access  0x2               ./Src/os.o
Siren_Alarm_Task_Handle
                    0x2               ./Src/os.o
User_Login_Access   0x2               ./Src/os.o
User_Remove_Access  0x2               ./Src/os.o
Actuator_Control_Task_Handle
                    0x2               ./Src/os.o
Bluetooth_Receive_Task_Handle
                    0x2               ./Src/os.o
User_Add_Access     0x2               ./Src/os.o
User_Master_Access  0x2               ./Src/os.o

Memory Configuration

Name             Origin             Length             Attributes
text             0x00000000         0x00020000         xr
data             0x00800060         0x0000ffa0         rw !x
eeprom           0x00810000         0x00010000         rw !x
fuse             0x00820000         0x00000400         rw !x
lock             0x00830000         0x00000400         rw !x
signature        0x00840000         0x00000400         rw !x
*default*        0x00000000         0xffffffff

Linker script and memory map

LOAD c:/winavr-20100110/bin/../lib/gcc/avr/4.3.3/../../../../avr/lib/avr5/crtm32.o
LOAD ./Src/actuator_control_task.o
LOAD ./Src/actuators.o
LOAD ./Src/bluetooth_receive_task.o
LOAD ./Src/main.o
LOAD ./Src/master_pass_task.o
LOAD ./Src/os.o
LOAD ./Src/siren_alarm_task.o
LOAD ./Src/user_manage_control.o
LOAD ./Src/user_manage_task.o
LOAD ./FreeRTOS/croutine.o
LOAD ./FreeRTOS/heap_1.o
LOAD ./FreeRTOS/list.o
LOAD ./FreeRTOS/port.o
LOAD ./FreeRTOS/queue.o
LOAD ./FreeRTOS/tasks.o
LOAD ./FreeRTOS/timers.o
LOAD ./Drivers/MCAL/Atmega32_MCAL_DIO.o
LOAD ./Drivers/MCAL/Atmega32_MCAL_GIE.o
LOAD ./Drivers/MCAL/Atmega32_MCAL_UART.o
LOAD ./Drivers/HAL/Atmega32_HAL_LED.o
LOAD ./Drivers/HAL/Atmega32_HAL_Relay.o
LOAD c:/winavr-20100110/bin/../lib/gcc/avr/4.3.3/avr5\libgcc.a
LOAD c:/winavr-20100110/bin/../lib/gcc/avr/4.3.3/../../../../avr/lib/avr5\libc.a
LOAD c:/winavr-20100110/bin/../lib/gcc/avr/4.3.3/avr5\libgcc.a

.hash
 *(.hash)

.dynsym
 *(.dynsym)

.dynstr
 *(.dynstr)

.gnu.version
 *(.gnu.version)

.gnu.version_d
 *(.gnu.version_d)

.gnu.version_r
 *(.gnu.version_r)

.rel.init
 *(.rel.init)

.rela.init
 *(.rela.init)

.rel.text
 *(.rel.text)
 *(.rel.text.*)
 *(.rel.gnu.linkonce.t*)

.rela.text
 *(.rela.text)
 *(.rela.text.*)
 *(.rela.gnu.linkonce.t*)

.rel.fini
 *(.rel.fini)

.rela.fini
 *(.rela.fini)

.rel.rodata
 *(.rel.rodata)
 *(.rel.rodata.*)
 *(.rel.gnu.linkonce.r*)

.rela.rodata
 *(.rela.rodata)
 *(.rela.rodata.*)
 *(.rela.gnu.linkonce.r*)

.rel.data
 *(.rel.data)
 *(.rel.data.*)
 *(.rel.gnu.linkonce.d*)

.rela.data
 *(.rela.data)
 *(.rela.data.*)
 *(.rela.gnu.linkonce.d*)

.rel.ctors
 *(.rel.ctors)

.rela.ctors
 *(.rela.ctors)

.rel.dtors
 *(.rel.dtors)

.rela.dtors
 *(.rela.dtors)

.rel.got
 *(.rel.got)

.rela.got
 *(.rela.got)

.rel.bss
 *(.rel.bss)

.rela.bss
 *(.rela.bss)

.rel.plt
 *(.rel.plt)

.rela.plt
 *(.rela.plt)

.text           0x00000000     0x4402
 *(.vectors)
 .vectors       0x00000000       0x54 c:/winavr-20100110/bin/../lib/gcc/avr/4.3.3/../../../../avr/lib/avr5/crtm32.o
                0x00000000                __vectors
                0x00000000                __vector_default
 *(.vectors)
 *(.progmem.gcc*)
 *(.progmem*)
                0x00000054                . = ALIGN (0x2)
                0x00000054                __trampolines_start = .
 *(.trampolines)
 .trampolines   0x00000054        0x0 linker stubs
 *(.trampolines*)
                0x00000054                __trampolines_end = .
 *(.jumptables)
 *(.jumptables*)
 *(.lowtext)
 *(.lowtext*)
                0x00000054                __ctors_start = .
 *(.ctors)
                0x00000054                __ctors_end = .
                0x00000054                __dtors_start = .
 *(.dtors)
                0x00000054                __dtors_end = .
 SORT(*)(.ctors)
 SORT(*)(.dtors)
 *(.init0)
 .init0         0x00000054        0x0 c:/winavr-20100110/bin/../lib/gcc/avr/4.3.3/../../../../avr/lib/avr5/crtm32.o
                0x00000054                __init
 *(.init0)
 *(.init1)
 *(.init1)
 *(.init2)
 .init2         0x00000054        0xc c:/winavr-20100110/bin/../lib/gcc/avr/4.3.3/../../../../avr/lib/avr5/crtm32.o
 *(.init2)
 *(.init3)
 *(.init3)
 *(.init4)
 .init4         0x00000060       0x16 c:/winavr-20100110/bin/../lib/gcc/avr/4.3.3/avr5\libgcc.a(_copy_data.o)
                0x00000060                __do_copy_data
 .init4         0x00000076       0x10 c:/winavr-20100110/bin/../lib/gcc/avr/4.3.3/avr5\libgcc.a(_clear_bss.o)
                0x00000076                __do_clear_bss
 *(.init4)
 *(.init5)
 *(.init5)
 *(.init6)
 *(.init6)
 *(.init7)
 *(.init7)
 *(.init8)
 *(.init8)
 *(.init9)
 .init9         0x00000086        0x8 c:/winavr-20100110/bin/../lib/gcc/avr/4.3.3/../../../../avr/lib/avr5/crtm32.o
 *(.init9)
 *(.text)
 .text          0x0000008e        0x4 c:/winavr-20100110/bin/../lib/gcc/avr/4.3.3/../../../../avr/lib/avr5/crtm32.o
                0x0000008e                __vector_1
                0x0000008e                __vector_12
                0x0000008e                __bad_interrupt
                0x0000008e                __vector_6
                0x0000008e                __vector_3
                0x0000008e                __vector_11
                0x0000008e                __vector_17
                0x0000008e                __vector_19
                0x0000008e                __vector_5
                0x0000008e                __vector_4
                0x0000008e                __vector_9
                0x0000008e                __vector_2
                0x0000008e                __vector_8
                0x0000008e                __vector_10
                0x0000008e                __vector_16
                0x0000008e                __vector_18
                0x0000008e                __vector_20
 .text          0x00000092        0x0 ./Src/actuator_control_task.o
 .text          0x00000092        0x0 ./Src/actuators.o
 .text          0x00000092        0x0 ./Src/bluetooth_receive_task.o
 .text          0x00000092        0x0 ./Src/main.o
 .text          0x00000092        0x0 ./Src/master_pass_task.o
 .text          0x00000092        0x0 ./Src/os.o
 .text          0x00000092        0x0 ./Src/siren_alarm_task.o
 .text          0x00000092        0x0 ./Src/user_manage_control.o
 .text          0x00000092        0x0 ./Src/user_manage_task.o
 .text          0x00000092        0x0 ./FreeRTOS/croutine.o
 .text          0x00000092        0x0 ./FreeRTOS/heap_1.o
 .text          0x00000092        0x0 ./FreeRTOS/list.o
 .text          0x00000092        0x0 ./FreeRTOS/port.o
 .text          0x00000092        0x0 ./FreeRTOS/queue.o
 .text          0x00000092        0x0 ./FreeRTOS/tasks.o
 .text          0x00000092        0x0 ./FreeRTOS/timers.o
 .text          0x00000092        0x0 ./Drivers/MCAL/Atmega32_MCAL_DIO.o
 .text          0x00000092        0x0 ./Drivers/MCAL/Atmega32_MCAL_GIE.o
 .text          0x00000092        0x0 ./Drivers/MCAL/Atmega32_MCAL_UART.o
 .text          0x00000092        0x0 ./Drivers/HAL/Atmega32_HAL_LED.o
 .text          0x00000092        0x0 ./Drivers/HAL/Atmega32_HAL_Relay.o
 .text          0x00000092        0x0 c:/winavr-20100110/bin/../lib/gcc/avr/4.3.3/avr5\libgcc.a(_udivmodsi4.o)
 .text          0x00000092        0x0 c:/winavr-20100110/bin/../lib/gcc/avr/4.3.3/avr5\libgcc.a(_exit.o)
 .text          0x00000092        0x0 c:/winavr-20100110/bin/../lib/gcc/avr/4.3.3/avr5\libgcc.a(_copy_data.o)
 .text          0x00000092        0x0 c:/winavr-20100110/bin/../lib/gcc/avr/4.3.3/avr5\libgcc.a(_clear_bss.o)
 .text          0x00000092        0x0 c:/winavr-20100110/bin/../lib/gcc/avr/4.3.3/../../../../avr/lib/avr5\libc.a(atoi.o)
 .text          0x00000092        0x0 c:/winavr-20100110/bin/../lib/gcc/avr/4.3.3/../../../../avr/lib/avr5\libc.a(memcpy.o)
 .text          0x00000092        0x0 c:/winavr-20100110/bin/../lib/gcc/avr/4.3.3/../../../../avr/lib/avr5\libc.a(memset.o)
 .text          0x00000092        0x0 c:/winavr-20100110/bin/../lib/gcc/avr/4.3.3/../../../../avr/lib/avr5\libc.a(strcmp.o)
 .text          0x00000092        0x0 c:/winavr-20100110/bin/../lib/gcc/avr/4.3.3/../../../../avr/lib/avr5\libc.a(strcpy.o)
 .text          0x00000092        0x0 c:/winavr-20100110/bin/../lib/gcc/avr/4.3.3/../../../../avr/lib/avr5\libc.a(strncpy.o)
 .text          0x00000092        0x0 c:/winavr-20100110/bin/../lib/gcc/avr/4.3.3/../../../../avr/lib/avr5\libc.a(mul10.o)
                0x00000092                . = ALIGN (0x2)
 *(.text.*)
 .text.Actuator_Control
                0x00000092       0xa0 ./Src/actuator_control_task.o
                0x00000092                Actuator_Control
 .text.Actuators_Init
                0x00000132       0x3e ./Src/actuators.o
                0x00000132                Actuators_Init
 .text.SirenAlarm_On
                0x00000170       0x1a ./Src/actuators.o
                0x00000170                SirenAlarm_On
 .text.SirenAlarm_Off
                0x0000018a       0x1a ./Src/actuators.o
                0x0000018a                SirenAlarm_Off
 .text.DoorLock_On
                0x000001a4       0x1a ./Src/actuators.o
                0x000001a4                DoorLock_On
 .text.DoorLock_Off
                0x000001be       0x1a ./Src/actuators.o
                0x000001be                DoorLock_Off
 .text.Room1Light_On
                0x000001d8       0x1a ./Src/actuators.o
                0x000001d8                Room1Light_On
 .text.Room1Light_Off
                0x000001f2       0x1a ./Src/actuators.o
                0x000001f2                Room1Light_Off
 .text.Room2Light_On
                0x0000020c       0x1a ./Src/actuators.o
                0x0000020c                Room2Light_On
 .text.Room2Light_Off
                0x00000226       0x1a ./Src/actuators.o
                0x00000226                Room2Light_Off
 .text.Bluetooth_Receive
                0x00000240      0x204 ./Src/bluetooth_receive_task.o
                0x00000240                Bluetooth_Receive
 .text.MCU_Init
                0x00000444       0xe0 ./Src/main.o
                0x00000444                MCU_Init
 .text.main     0x00000524       0x1e ./Src/main.o
                0x00000524                main
 .text.Master_Access
                0x00000542       0x70 ./Src/master_pass_task.o
                0x00000542                Master_Access
 .text.OS_Init  0x000005b2      0x16c ./Src/os.o
                0x000005b2                OS_Init
 .text.Siren_Alarm
                0x0000071e       0x60 ./Src/siren_alarm_task.o
                0x0000071e                Siren_Alarm
 .text.User_Init
                0x0000077e       0x9a ./Src/user_manage_control.o
                0x0000077e                User_Init
 .text.User_Search
                0x00000818       0xec ./Src/user_manage_control.o
                0x00000818                User_Search
 .text.User_Add
                0x00000904      0x10a ./Src/user_manage_control.o
                0x00000904                User_Add
 .text.User_Delete
                0x00000a0e       0xce ./Src/user_manage_control.o
                0x00000a0e                User_Delete
 .text.User_Manage
                0x00000adc      0x138 ./Src/user_manage_task.o
                0x00000adc                User_Manage
 .text.xCoRoutineCreate
                0x00000c14      0x128 ./FreeRTOS/croutine.o
                0x00000c14                xCoRoutineCreate
 .text.vCoRoutineAddToDelayedList
                0x00000d3c       0xc2 ./FreeRTOS/croutine.o
                0x00000d3c                vCoRoutineAddToDelayedList
 .text.prvCheckPendingReadyList
                0x00000dfe       0x94 ./FreeRTOS/croutine.o
 .text.prvCheckDelayedList
                0x00000e92      0x15c ./FreeRTOS/croutine.o
 .text.vCoRoutineSchedule
                0x00000fee       0xf4 ./FreeRTOS/croutine.o
                0x00000fee                vCoRoutineSchedule
 .text.prvInitialiseCoRoutineLists
                0x000010e2       0x72 ./FreeRTOS/croutine.o
 .text.xCoRoutineRemoveFromEventList
                0x00001154       0x70 ./FreeRTOS/croutine.o
                0x00001154                xCoRoutineRemoveFromEventList
 .text.pvPortMalloc
                0x000011c4       0x8c ./FreeRTOS/heap_1.o
                0x000011c4                pvPortMalloc
 .text.vPortFree
                0x00001250       0x18 ./FreeRTOS/heap_1.o
                0x00001250                vPortFree
 .text.vPortInitialiseBlocks
                0x00001268       0x16 ./FreeRTOS/heap_1.o
                0x00001268                vPortInitialiseBlocks
 .text.xPortGetFreeHeapSize
                0x0000127e       0x1e ./FreeRTOS/heap_1.o
                0x0000127e                xPortGetFreeHeapSize
 .text.vListInitialise
                0x0000129c       0x54 ./FreeRTOS/list.o
                0x0000129c                vListInitialise
 .text.vListInitialiseItem
                0x000012f0       0x20 ./FreeRTOS/list.o
                0x000012f0                vListInitialiseItem
 .text.vListInsertEnd
                0x00001310       0x98 ./FreeRTOS/list.o
                0x00001310                vListInsertEnd
 .text.vListInsert
                0x000013a8       0xd8 ./FreeRTOS/list.o
                0x000013a8                vListInsert
 .text.vListRemove
                0x00001480       0x92 ./FreeRTOS/list.o
                0x00001480                vListRemove
 .text.pxPortInitialiseStack
                0x00001512      0x306 ./FreeRTOS/port.o
                0x00001512                pxPortInitialiseStack
 .text.xPortStartScheduler
                0x00001818       0x6a ./FreeRTOS/port.o
                0x00001818                xPortStartScheduler
 .text.vPortEndScheduler
                0x00001882        0xe ./FreeRTOS/port.o
                0x00001882                vPortEndScheduler
 .text.vPortYield
                0x00001890       0xb2 ./FreeRTOS/port.o
                0x00001890                vPortYield
 .text.vPortYieldFromTick
                0x00001942       0xb6 ./FreeRTOS/port.o
                0x00001942                vPortYieldFromTick
 .text.prvSetupTimerInterrupt
                0x000019f8       0xb8 ./FreeRTOS/port.o
 .text.__vector_7
                0x00001ab0        0x6 ./FreeRTOS/port.o
                0x00001ab0                __vector_7
 .text.xQueueCreate
                0x00001ab6      0x152 ./FreeRTOS/queue.o
                0x00001ab6                xQueueCreate
 .text.xQueueCreateCountingSemaphore
                0x00001c08       0x3e ./FreeRTOS/queue.o
                0x00001c08                xQueueCreateCountingSemaphore
 .text.xQueueGenericSend
                0x00001c46      0x13c ./FreeRTOS/queue.o
                0x00001c46                xQueueGenericSend
 .text.xQueueGenericSendFromISR
                0x00001d82       0x9a ./FreeRTOS/queue.o
                0x00001d82                xQueueGenericSendFromISR
 .text.xQueueGenericReceive
                0x00001e1c      0x180 ./FreeRTOS/queue.o
                0x00001e1c                xQueueGenericReceive
 .text.xQueueReceiveFromISR
                0x00001f9c       0x9e ./FreeRTOS/queue.o
                0x00001f9c                xQueueReceiveFromISR
 .text.uxQueueMessagesWaiting
                0x0000203a       0x30 ./FreeRTOS/queue.o
                0x0000203a                uxQueueMessagesWaiting
 .text.uxQueueMessagesWaitingFromISR
                0x0000206a       0x26 ./FreeRTOS/queue.o
                0x0000206a                uxQueueMessagesWaitingFromISR
 .text.vQueueDelete
                0x00002090       0x2c ./FreeRTOS/queue.o
                0x00002090                vQueueDelete
 .text.prvCopyDataToQueue
                0x000020bc      0x12a ./FreeRTOS/queue.o
 .text.prvCopyDataFromQueue
                0x000021e6       0x90 ./FreeRTOS/queue.o
 .text.prvUnlockQueue
                0x00002276       0xa8 ./FreeRTOS/queue.o
 .text.prvIsQueueEmpty
                0x0000231e       0x38 ./FreeRTOS/queue.o
 .text.xQueueIsQueueEmptyFromISR
                0x00002356       0x2e ./FreeRTOS/queue.o
                0x00002356                xQueueIsQueueEmptyFromISR
 .text.prvIsQueueFull
                0x00002384       0x3e ./FreeRTOS/queue.o
 .text.xQueueIsQueueFullFromISR
                0x000023c2       0x34 ./FreeRTOS/queue.o
                0x000023c2                xQueueIsQueueFullFromISR
 .text.xTaskGenericCreate
                0x000023f6      0x1da ./FreeRTOS/tasks.o
                0x000023f6                xTaskGenericCreate
 .text.vTaskDelete
                0x000025d0       0xc6 ./FreeRTOS/tasks.o
                0x000025d0                vTaskDelete
 .text.vTaskDelayUntil
                0x00002696       0xe8 ./FreeRTOS/tasks.o
                0x00002696                vTaskDelayUntil
 .text.vTaskDelay
                0x0000277e       0x6a ./FreeRTOS/tasks.o
                0x0000277e                vTaskDelay
 .text.vTaskStartScheduler
                0x000027e8       0x6e ./FreeRTOS/tasks.o
                0x000027e8                vTaskStartScheduler
 .text.vTaskEndScheduler
                0x00002856       0x18 ./FreeRTOS/tasks.o
                0x00002856                vTaskEndScheduler
 .text.vTaskSuspendAll
                0x0000286e       0x18 ./FreeRTOS/tasks.o
                0x0000286e                vTaskSuspendAll
 .text.xTaskResumeAll
                0x00002886      0x114 ./FreeRTOS/tasks.o
                0x00002886                xTaskResumeAll
 .text.xTaskGetTickCount
                0x0000299a       0x2e ./FreeRTOS/tasks.o
                0x0000299a                xTaskGetTickCount
 .text.xTaskGetTickCountFromISR
                0x000029c8       0x2a ./FreeRTOS/tasks.o
                0x000029c8                xTaskGetTickCountFromISR
 .text.uxTaskGetNumberOfTasks
                0x000029f2       0x12 ./FreeRTOS/tasks.o
                0x000029f2                uxTaskGetNumberOfTasks
 .text.vTaskIncrementTick
                0x00002a04      0x1aa ./FreeRTOS/tasks.o
                0x00002a04                vTaskIncrementTick
 .text.vTaskSwitchContext
                0x00002bae       0xcc ./FreeRTOS/tasks.o
                0x00002bae                vTaskSwitchContext
 .text.vTaskPlaceOnEventList
                0x00002c7a       0x6c ./FreeRTOS/tasks.o
                0x00002c7a                vTaskPlaceOnEventList
 .text.xTaskRemoveFromEventList
                0x00002ce6       0xd0 ./FreeRTOS/tasks.o
                0x00002ce6                xTaskRemoveFromEventList
 .text.vTaskSetTimeOutState
                0x00002db6       0x32 ./FreeRTOS/tasks.o
                0x00002db6                vTaskSetTimeOutState
 .text.xTaskCheckForTimeOut
                0x00002de8       0xba ./FreeRTOS/tasks.o
                0x00002de8                xTaskCheckForTimeOut
 .text.vTaskMissedYield
                0x00002ea2       0x14 ./FreeRTOS/tasks.o
                0x00002ea2                vTaskMissedYield
 .text.prvIdleTask
                0x00002eb6       0x14 ./FreeRTOS/tasks.o
 .text.prvInitialiseTCBVariables
                0x00002eca       0xae ./FreeRTOS/tasks.o
 .text.prvInitialiseTaskLists
                0x00002f78       0x7a ./FreeRTOS/tasks.o
 .text.prvCheckTasksWaitingTermination
                0x00002ff2       0x7c ./FreeRTOS/tasks.o
 .text.prvAddCurrentTaskToDelayedList
                0x0000306e       0x92 ./FreeRTOS/tasks.o
 .text.prvAllocateTCBAndStack
                0x00003100       0xa0 ./FreeRTOS/tasks.o
 .text.prvDeleteTCB
                0x000031a0       0x2c ./FreeRTOS/tasks.o
 .text.MCAL_DIO_SetPortDirection
                0x000031cc       0xb4 ./Drivers/MCAL/Atmega32_MCAL_DIO.o
                0x000031cc                MCAL_DIO_SetPortDirection
 .text.MCAL_DIO_SetPinDirection
                0x00003280      0x25e ./Drivers/MCAL/Atmega32_MCAL_DIO.o
                0x00003280                MCAL_DIO_SetPinDirection
 .text.MCAL_DIO_WritePort
                0x000034de       0xb8 ./Drivers/MCAL/Atmega32_MCAL_DIO.o
                0x000034de                MCAL_DIO_WritePort
 .text.MCAL_DIO_WritePin
                0x00003596      0x260 ./Drivers/MCAL/Atmega32_MCAL_DIO.o
                0x00003596                MCAL_DIO_WritePin
 .text.MCAL_DIO_GetPort
                0x000037f6       0xc6 ./Drivers/MCAL/Atmega32_MCAL_DIO.o
                0x000037f6                MCAL_DIO_GetPort
 .text.MCAL_DIO_GetPin
                0x000038bc      0x142 ./Drivers/MCAL/Atmega32_MCAL_DIO.o
                0x000038bc                MCAL_DIO_GetPin
 .text.MCAL_GIE_Enable
                0x000039fe       0x1c ./Drivers/MCAL/Atmega32_MCAL_GIE.o
                0x000039fe                MCAL_GIE_Enable
 .text.MCAL_GIE_Disable
                0x00003a1a       0x1c ./Drivers/MCAL/Atmega32_MCAL_GIE.o
                0x00003a1a                MCAL_GIE_Disable
 .text.MCAL_UART_Init
                0x00003a36      0x2de ./Drivers/MCAL/Atmega32_MCAL_UART.o
                0x00003a36                MCAL_UART_Init
 .text.MCAL_UART_ByteReceiveStatus
                0x00003d14       0x1a ./Drivers/MCAL/Atmega32_MCAL_UART.o
                0x00003d14                MCAL_UART_ByteReceiveStatus
 .text.MCAL_UART_Receive
                0x00003d2e       0xd6 ./Drivers/MCAL/Atmega32_MCAL_UART.o
                0x00003d2e                MCAL_UART_Receive
 .text.MCAL_UART_Send
                0x00003e04       0xb0 ./Drivers/MCAL/Atmega32_MCAL_UART.o
                0x00003e04                MCAL_UART_Send
 .text.MCAL_UART_SendString
                0x00003eb4       0x70 ./Drivers/MCAL/Atmega32_MCAL_UART.o
                0x00003eb4                MCAL_UART_SendString
 .text.MCAL_UART_ReadString
                0x00003f24       0x72 ./Drivers/MCAL/Atmega32_MCAL_UART.o
                0x00003f24                MCAL_UART_ReadString
 .text.__vector_13
                0x00003f96       0x66 ./Drivers/MCAL/Atmega32_MCAL_UART.o
                0x00003f96                __vector_13
 .text.__vector_14
                0x00003ffc       0x66 ./Drivers/MCAL/Atmega32_MCAL_UART.o
                0x00003ffc                __vector_14
 .text.__vector_15
                0x00004062       0x66 ./Drivers/MCAL/Atmega32_MCAL_UART.o
                0x00004062                __vector_15
 .text.HAL_LED_Init
                0x000040c8       0x3e ./Drivers/HAL/Atmega32_HAL_LED.o
                0x000040c8                HAL_LED_Init
 .text.HAL_LED_On
                0x00004106       0x4e ./Drivers/HAL/Atmega32_HAL_LED.o
                0x00004106                HAL_LED_On
 .text.HAL_LED_Off
                0x00004154       0x4e ./Drivers/HAL/Atmega32_HAL_LED.o
                0x00004154                HAL_LED_Off
 .text.HAL_LED_Toggle
                0x000041a2       0x94 ./Drivers/HAL/Atmega32_HAL_LED.o
                0x000041a2                HAL_LED_Toggle
 .text.HAL_Relay_Init
                0x00004236       0x3e ./Drivers/HAL/Atmega32_HAL_Relay.o
                0x00004236                HAL_Relay_Init
 .text.HAL_Relay_On
                0x00004274       0x4e ./Drivers/HAL/Atmega32_HAL_Relay.o
                0x00004274                HAL_Relay_On
 .text.HAL_Relay_Off
                0x000042c2       0x4e ./Drivers/HAL/Atmega32_HAL_Relay.o
                0x000042c2                HAL_Relay_Off
 .text.libgcc   0x00004310       0x44 c:/winavr-20100110/bin/../lib/gcc/avr/4.3.3/avr5\libgcc.a(_udivmodsi4.o)
                0x00004310                __udivmodsi4
 .text.libgcc   0x00004354        0x0 c:/winavr-20100110/bin/../lib/gcc/avr/4.3.3/avr5\libgcc.a(_exit.o)
 .text.libgcc   0x00004354        0x0 c:/winavr-20100110/bin/../lib/gcc/avr/4.3.3/avr5\libgcc.a(_copy_data.o)
 .text.libgcc   0x00004354        0x0 c:/winavr-20100110/bin/../lib/gcc/avr/4.3.3/avr5\libgcc.a(_clear_bss.o)
 .text.avr-libc
                0x00004354       0x3c c:/winavr-20100110/bin/../lib/gcc/avr/4.3.3/../../../../avr/lib/avr5\libc.a(atoi.o)
                0x00004354                atoi
 .text.avr-libc
                0x00004390       0x12 c:/winavr-20100110/bin/../lib/gcc/avr/4.3.3/../../../../avr/lib/avr5\libc.a(memcpy.o)
                0x00004390                memcpy
 .text.avr-libc
                0x000043a2        0xe c:/winavr-20100110/bin/../lib/gcc/avr/4.3.3/../../../../avr/lib/avr5\libc.a(memset.o)
                0x000043a2                memset
 .text.avr-libc
                0x000043b0       0x12 c:/winavr-20100110/bin/../lib/gcc/avr/4.3.3/../../../../avr/lib/avr5\libc.a(strcmp.o)
                0x000043b0                strcmp
 .text.avr-libc
                0x000043c2        0xe c:/winavr-20100110/bin/../lib/gcc/avr/4.3.3/../../../../avr/lib/avr5\libc.a(strcpy.o)
                0x000043c2                strcpy
 .text.avr-libc
                0x000043d0       0x1e c:/winavr-20100110/bin/../lib/gcc/avr/4.3.3/../../../../avr/lib/avr5\libc.a(strncpy.o)
                0x000043d0                strncpy
 .text.avr-libc
                0x000043ee       0x10 c:/winavr-20100110/bin/../lib/gcc/avr/4.3.3/../../../../avr/lib/avr5\libc.a(mul10.o)
                0x000043ee                __mulhi_const_10
                0x000043fe                . = ALIGN (0x2)
 *(.fini9)
 .fini9         0x000043fe        0x0 c:/winavr-20100110/bin/../lib/gcc/avr/4.3.3/avr5\libgcc.a(_exit.o)
                0x000043fe                exit
                0x000043fe                _exit
 *(.fini9)
 *(.fini8)
 *(.fini8)
 *(.fini7)
 *(.fini7)
 *(.fini6)
 *(.fini6)
 *(.fini5)
 *(.fini5)
 *(.fini4)
 *(.fini4)
 *(.fini3)
 *(.fini3)
 *(.fini2)
 *(.fini2)
 *(.fini1)
 *(.fini1)
 *(.fini0)
 .fini0         0x000043fe        0x4 c:/winavr-20100110/bin/../lib/gcc/avr/4.3.3/avr5\libgcc.a(_exit.o)
 *(.fini0)
                0x00004402                _etext = .

.data           0x00800060       0x3c load address 0x00004402
                0x00800060                PROVIDE (__data_start, .)
 *(.data)
 .data          0x00800060        0x0 c:/winavr-20100110/bin/../lib/gcc/avr/4.3.3/../../../../avr/lib/avr5/crtm32.o
 .data          0x00800060        0x0 ./Src/actuator_control_task.o
 .data          0x00800060        0x0 ./Src/actuators.o
 .data          0x00800060        0x0 ./Src/bluetooth_receive_task.o
 .data          0x00800060        0x0 ./Src/main.o
 .data          0x00800060        0x0 ./Src/master_pass_task.o
 .data          0x00800060        0x0 ./Src/os.o
 .data          0x00800060        0x0 ./Src/siren_alarm_task.o
 .data          0x00800060        0x0 ./Src/user_manage_control.o
 .data          0x00800060        0x0 ./Src/user_manage_task.o
 .data          0x00800060        0x0 ./FreeRTOS/croutine.o
 .data          0x00800060        0x0 ./FreeRTOS/heap_1.o
 .data          0x00800060        0x0 ./FreeRTOS/list.o
 .data          0x00800060        0x0 ./FreeRTOS/port.o
 .data          0x00800060        0x0 ./FreeRTOS/queue.o
 .data          0x00800060        0x5 ./FreeRTOS/tasks.o
 .data          0x00800065        0x0 ./FreeRTOS/timers.o
 .data          0x00800065        0x0 ./Drivers/MCAL/Atmega32_MCAL_DIO.o
 .data          0x00800065        0x0 ./Drivers/MCAL/Atmega32_MCAL_GIE.o
 .data          0x00800065        0x0 ./Drivers/MCAL/Atmega32_MCAL_UART.o
 .data          0x00800065        0x0 ./Drivers/HAL/Atmega32_HAL_LED.o
 .data          0x00800065        0x0 ./Drivers/HAL/Atmega32_HAL_Relay.o
 .data          0x00800065        0x0 c:/winavr-20100110/bin/../lib/gcc/avr/4.3.3/avr5\libgcc.a(_udivmodsi4.o)
 .data          0x00800065        0x0 c:/winavr-20100110/bin/../lib/gcc/avr/4.3.3/avr5\libgcc.a(_exit.o)
 .data          0x00800065        0x0 c:/winavr-20100110/bin/../lib/gcc/avr/4.3.3/avr5\libgcc.a(_copy_data.o)
 .data          0x00800065        0x0 c:/winavr-20100110/bin/../lib/gcc/avr/4.3.3/avr5\libgcc.a(_clear_bss.o)
 .data          0x00800065        0x0 c:/winavr-20100110/bin/../lib/gcc/avr/4.3.3/../../../../avr/lib/avr5\libc.a(atoi.o)
 .data          0x00800065        0x0 c:/winavr-20100110/bin/../lib/gcc/avr/4.3.3/../../../../avr/lib/avr5\libc.a(memcpy.o)
 .data          0x00800065        0x0 c:/winavr-20100110/bin/../lib/gcc/avr/4.3.3/../../../../avr/lib/avr5\libc.a(memset.o)
 .data          0x00800065        0x0 c:/winavr-20100110/bin/../lib/gcc/avr/4.3.3/../../../../avr/lib/avr5\libc.a(strcmp.o)
 .data          0x00800065        0x0 c:/winavr-20100110/bin/../lib/gcc/avr/4.3.3/../../../../avr/lib/avr5\libc.a(strcpy.o)
 .data          0x00800065        0x0 c:/winavr-20100110/bin/../lib/gcc/avr/4.3.3/../../../../avr/lib/avr5\libc.a(strncpy.o)
 .data          0x00800065        0x0 c:/winavr-20100110/bin/../lib/gcc/avr/4.3.3/../../../../avr/lib/avr5\libc.a(mul10.o)
 *(.data*)
 .data.Door_Lock_Relay
                0x00800065        0x2 ./Src/actuators.o
                0x00800065                Door_Lock_Relay
 .data.Room1_Light_Relay
                0x00800067        0x2 ./Src/actuators.o
                0x00800067                Room1_Light_Relay
 .data.Room2_Light_Relay
                0x00800069        0x2 ./Src/actuators.o
                0x00800069                Room2_Light_Relay
 .data.SystemErrorLED
                0x0080006b        0x2 ./Src/main.o
                0x0080006b                SystemErrorLED
 .data.xNextTaskUnblockTime
                0x0080006d        0x2 ./FreeRTOS/tasks.o
 .data.UART_DefaultConfig
                0x0080006f       0x13 ./Drivers/MCAL/Atmega32_MCAL_UART.o
 *(.rodata)
 *(.rodata*)
 .rodata.C.0.1608
                0x00800082       0x13 ./Src/main.o
 .rodata.C.1.1268
                0x00800095        0x3 ./Drivers/MCAL/Atmega32_MCAL_UART.o
 .rodata.C.0.1267
                0x00800098        0x3 ./Drivers/MCAL/Atmega32_MCAL_UART.o
 *(.gnu.linkonce.d*)
                0x0080009c                . = ALIGN (0x2)
 *fill*         0x0080009b        0x1 00
                0x0080009c                _edata = .
                0x0080009c                PROVIDE (__data_end, .)

.bss            0x0080009c      0x5ca
                0x0080009c                PROVIDE (__bss_start, .)
 *(.bss)
 .bss           0x0080009c        0x0 c:/winavr-20100110/bin/../lib/gcc/avr/4.3.3/../../../../avr/lib/avr5/crtm32.o
 .bss           0x0080009c        0x0 ./Src/actuator_control_task.o
 .bss           0x0080009c        0x0 ./Src/actuators.o
 .bss           0x0080009c        0x0 ./Src/bluetooth_receive_task.o
 .bss           0x0080009c        0x0 ./Src/main.o
 .bss           0x0080009c        0x0 ./Src/master_pass_task.o
 .bss           0x0080009c        0x0 ./Src/os.o
 .bss           0x0080009c        0x0 ./Src/siren_alarm_task.o
 .bss           0x0080009c        0x0 ./Src/user_manage_control.o
 .bss           0x0080009c        0x0 ./Src/user_manage_task.o
 .bss           0x0080009c        0x0 ./FreeRTOS/croutine.o
 .bss           0x0080009c        0x0 ./FreeRTOS/heap_1.o
 .bss           0x0080009c        0x0 ./FreeRTOS/list.o
 .bss           0x0080009c        0x0 ./FreeRTOS/port.o
 .bss           0x0080009c        0x0 ./FreeRTOS/queue.o
 .bss           0x0080009c        0x0 ./FreeRTOS/tasks.o
 .bss           0x0080009c        0x0 ./FreeRTOS/timers.o
 .bss           0x0080009c        0x0 ./Drivers/MCAL/Atmega32_MCAL_DIO.o
 .bss           0x0080009c        0x0 ./Drivers/MCAL/Atmega32_MCAL_GIE.o
 .bss           0x0080009c        0x0 ./Drivers/MCAL/Atmega32_MCAL_UART.o
 .bss           0x0080009c        0x0 ./Drivers/HAL/Atmega32_HAL_LED.o
 .bss           0x0080009c        0x0 ./Drivers/HAL/Atmega32_HAL_Relay.o
 .bss           0x0080009c        0x0 c:/winavr-20100110/bin/../lib/gcc/avr/4.3.3/avr5\libgcc.a(_udivmodsi4.o)
 .bss           0x0080009c        0x0 c:/winavr-20100110/bin/../lib/gcc/avr/4.3.3/avr5\libgcc.a(_exit.o)
 .bss           0x0080009c        0x0 c:/winavr-20100110/bin/../lib/gcc/avr/4.3.3/avr5\libgcc.a(_copy_data.o)
 .bss           0x0080009c        0x0 c:/winavr-20100110/bin/../lib/gcc/avr/4.3.3/avr5\libgcc.a(_clear_bss.o)
 .bss           0x0080009c        0x0 c:/winavr-20100110/bin/../lib/gcc/avr/4.3.3/../../../../avr/lib/avr5\libc.a(atoi.o)
 .bss           0x0080009c        0x0 c:/winavr-20100110/bin/../lib/gcc/avr/4.3.3/../../../../avr/lib/avr5\libc.a(memcpy.o)
 .bss           0x0080009c        0x0 c:/winavr-20100110/bin/../lib/gcc/avr/4.3.3/../../../../avr/lib/avr5\libc.a(memset.o)
 .bss           0x0080009c        0x0 c:/winavr-20100110/bin/../lib/gcc/avr/4.3.3/../../../../avr/lib/avr5\libc.a(strcmp.o)
 .bss           0x0080009c        0x0 c:/winavr-20100110/bin/../lib/gcc/avr/4.3.3/../../../../avr/lib/avr5\libc.a(strcpy.o)
 .bss           0x0080009c        0x0 c:/winavr-20100110/bin/../lib/gcc/avr/4.3.3/../../../../avr/lib/avr5\libc.a(strncpy.o)
 .bss           0x0080009c        0x0 c:/winavr-20100110/bin/../lib/gcc/avr/4.3.3/../../../../avr/lib/avr5\libc.a(mul10.o)
 *(.bss*)
 .bss.Siren_Alarm_Relay
                0x0080009c        0x2 ./Src/actuators.o
                0x0080009c                Siren_Alarm_Relay
 .bss.PassFlag.1847
                0x0080009e        0x1 ./Src/bluetooth_receive_task.o
 .bss.PassIdx.1846
                0x0080009f        0x1 ./Src/bluetooth_receive_task.o
 .bss.DataIdx.1845
                0x008000a0        0x1 ./Src/bluetooth_receive_task.o
 .bss.ReceiveIdx.1844
                0x008000a1        0x1 ./Src/bluetooth_receive_task.o
 .bss.pxCurrentCoRoutine
                0x008000a2        0x2 ./FreeRTOS/croutine.o
                0x008000a2                pxCurrentCoRoutine
 .bss.uxTopCoRoutineReadyPriority
                0x008000a4        0x1 ./FreeRTOS/croutine.o
 .bss.xCoRoutineTickCount
                0x008000a5        0x2 ./FreeRTOS/croutine.o
 .bss.xLastTickCount
                0x008000a7        0x2 ./FreeRTOS/croutine.o
 .bss.xPassedTicks
                0x008000a9        0x2 ./FreeRTOS/croutine.o
 .bss.pxReadyCoRoutineLists
                0x008000ab       0x12 ./FreeRTOS/croutine.o
 .bss.xDelayedCoRoutineList1
                0x008000bd        0x9 ./FreeRTOS/croutine.o
 .bss.xDelayedCoRoutineList2
                0x008000c6        0x9 ./FreeRTOS/croutine.o
 .bss.pxDelayedCoRoutineList
                0x008000cf        0x2 ./FreeRTOS/croutine.o
 .bss.pxOverflowDelayedCoRoutineList
                0x008000d1        0x2 ./FreeRTOS/croutine.o
 .bss.xPendingReadyCoRoutineList
                0x008000d3        0x9 ./FreeRTOS/croutine.o
 .bss.xNextFreeByte
                0x008000dc        0x2 ./FreeRTOS/heap_1.o
 .bss.xHeap     0x008000de      0x44c ./FreeRTOS/heap_1.o
 .bss.pxCurrentTCB
                0x0080052a        0x2 ./FreeRTOS/tasks.o
                0x0080052a                pxCurrentTCB
 .bss.uxTasksDeleted
                0x0080052c        0x1 ./FreeRTOS/tasks.o
 .bss.uxCurrentNumberOfTasks
                0x0080052d        0x1 ./FreeRTOS/tasks.o
 .bss.xTickCount
                0x0080052e        0x2 ./FreeRTOS/tasks.o
 .bss.uxTopUsedPriority
                0x00800530        0x1 ./FreeRTOS/tasks.o
 .bss.uxTopReadyPriority
                0x00800531        0x1 ./FreeRTOS/tasks.o
 .bss.xSchedulerRunning
                0x00800532        0x1 ./FreeRTOS/tasks.o
 .bss.uxSchedulerSuspended
                0x00800533        0x1 ./FreeRTOS/tasks.o
 .bss.uxMissedTicks
                0x00800534        0x1 ./FreeRTOS/tasks.o
 .bss.xMissedYield
                0x00800535        0x1 ./FreeRTOS/tasks.o
 .bss.xNumOfOverflows
                0x00800536        0x1 ./FreeRTOS/tasks.o
 .bss.uxTaskNumber
                0x00800537        0x1 ./FreeRTOS/tasks.o
 .bss.pxReadyTasksLists
                0x00800538       0x24 ./FreeRTOS/tasks.o
 .bss.xDelayedTaskList1
                0x0080055c        0x9 ./FreeRTOS/tasks.o
 .bss.xDelayedTaskList2
                0x00800565        0x9 ./FreeRTOS/tasks.o
 .bss.pxDelayedTaskList
                0x0080056e        0x2 ./FreeRTOS/tasks.o
 .bss.pxOverflowDelayedTaskList
                0x00800570        0x2 ./FreeRTOS/tasks.o
 .bss.xPendingReadyList
                0x00800572        0x9 ./FreeRTOS/tasks.o
 .bss.xTasksWaitingTermination
                0x0080057b        0x9 ./FreeRTOS/tasks.o
 *(COMMON)
 COMMON         0x00800584        0x1 ./Src/actuator_control_task.o
                0x00800584                Std_RetCode
 COMMON         0x00800585       0x15 ./Src/bluetooth_receive_task.o
                0x00800585                Bluetooth
 COMMON         0x0080059a       0x18 ./Src/os.o
                0x0080059a                User_Manage_Task_Handle
                0x0080059c                Bluetooth_Data_Access
                0x0080059e                Master_Access_Task_Handle
                0x008005a0                Actuator_Access
                0x008005a2                Siren_Alarm_Access
                0x008005a4                Siren_Alarm_Task_Handle
                0x008005a6                User_Login_Access
                0x008005a8                User_Remove_Access
                0x008005aa                Actuator_Control_Task_Handle
                0x008005ac                Bluetooth_Receive_Task_Handle
                0x008005ae                User_Add_Access
                0x008005b0                User_Master_Access
 COMMON         0x008005b2       0xb4 ./Src/user_manage_control.o
                0x008005b2                user
                0x00800666                PROVIDE (__bss_end, .)
                0x00004402                __data_load_start = LOADADDR (.data)
                0x0000443e                __data_load_end = (__data_load_start + SIZEOF (.data))

.noinit         0x00800666        0x0
                0x00800666                PROVIDE (__noinit_start, .)
 *(.noinit*)
                0x00800666                PROVIDE (__noinit_end, .)
                0x00800666                _end = .
                0x00800666                PROVIDE (__heap_start, .)

.eeprom         0x00810000        0x0
 *(.eeprom*)
                0x00810000                __eeprom_end = .

.fuse
 *(.fuse)
 *(.lfuse)
 *(.hfuse)
 *(.efuse)

.lock
 *(.lock*)

.signature
 *(.signature*)

.stab           0x00000000     0x77ac
 *(.stab)
 .stab          0x00000000      0x768 ./Src/actuator_control_task.o
 .stab          0x00000768      0x2c4 ./Src/actuators.o
                                0x390 (size before relaxing)
 .stab          0x00000a2c      0x4b0 ./Src/bluetooth_receive_task.o
                                0x90c (size before relaxing)
 .stab          0x00000edc      0x2f4 ./Src/main.o
                                0x780 (size before relaxing)
 .stab          0x000011d0      0x2a0 ./Src/master_pass_task.o
                                0x768 (size before relaxing)
 .stab          0x00001470      0x33c ./Src/os.o
                                0x7c8 (size before relaxing)
 .stab          0x000017ac      0x288 ./Src/siren_alarm_task.o
                                0x714 (size before relaxing)
 .stab          0x00001a34      0x498 ./Src/user_manage_control.o
                                0x558 (size before relaxing)
 .stab          0x00001ecc      0x318 ./Src/user_manage_task.o
                                0x7e0 (size before relaxing)
 .stab          0x000021e4      0x954 ./FreeRTOS/croutine.o
                                0xb40 (size before relaxing)
 .stab          0x00002b38      0x2e8 ./FreeRTOS/heap_1.o
                                0x624 (size before relaxing)
 .stab          0x00002e20      0x474 ./FreeRTOS/list.o
                                0x750 (size before relaxing)
 .stab          0x00003294      0x840 ./FreeRTOS/port.o
                                0xb70 (size before relaxing)
 .stab          0x00003ad4      0xf24 ./FreeRTOS/queue.o
                               0x1260 (size before relaxing)
 .stab          0x000049f8     0x1560 ./FreeRTOS/tasks.o
                               0x17d0 (size before relaxing)
 .stab          0x00005f58      0x1c8 ./FreeRTOS/timers.o
                                0x4c8 (size before relaxing)
 .stab          0x00006120      0x768 ./Drivers/MCAL/Atmega32_MCAL_DIO.o
                                0x804 (size before relaxing)
 .stab          0x00006888      0x1a4 ./Drivers/MCAL/Atmega32_MCAL_GIE.o
                                0x240 (size before relaxing)
 .stab          0x00006a2c      0x678 ./Drivers/MCAL/Atmega32_MCAL_UART.o
                                0x774 (size before relaxing)
 .stab          0x000070a4      0x3fc ./Drivers/HAL/Atmega32_HAL_LED.o
                                0x4e0 (size before relaxing)
 .stab          0x000074a0      0x30c ./Drivers/HAL/Atmega32_HAL_Relay.o
                                0x3f0 (size before relaxing)

.stabstr        0x00000000     0x4602
 *(.stabstr)
 .stabstr       0x00000000     0x4602 ./Src/actuator_control_task.o

.stab.excl
 *(.stab.excl)

.stab.exclstr
 *(.stab.exclstr)

.stab.index
 *(.stab.index)

.stab.indexstr
 *(.stab.indexstr)

.comment
 *(.comment)

.debug
 *(.debug)

.line
 *(.line)

.debug_srcinfo
 *(.debug_srcinfo)

.debug_sfnames
 *(.debug_sfnames)

.debug_aranges
 *(.debug_aranges)

.debug_pubnames
 *(.debug_pubnames)

.debug_info
 *(.debug_info)
 *(.gnu.linkonce.wi.*)

.debug_abbrev
 *(.debug_abbrev)

.debug_line
 *(.debug_line)

.debug_frame
 *(.debug_frame)

.debug_str
 *(.debug_str)

.debug_loc
 *(.debug_loc)

.debug_macinfo
 *(.debug_macinfo)
OUTPUT(MobileControlledHome.elf elf32-avr)
LOAD linker stubs
